<html>
<body>
<pre>
<h1>µVision Build Log</h1>
<h2>Tool Versions:</h2>
IDE-Version: ¦ÌVision V5.40.0.0
Copyright (C) 2024 ARM Ltd and ARM Germany GmbH. All rights reserved.
License Information: f 8619162334273, f, LIC=76F5U-SHM8U-DY9V3-ACRXL-1HVEM-FF89Y
 
Tool Versions:
Toolchain:       MDK-ARM Plus  Version: 5.40.0.3
Toolchain Path:  D:\Keil_540\ARM\ARMCLANG\Bin
C Compiler:      ArmClang.exe V6.22
Assembler:       Armasm.exe V6.22
Linker/Locator:  ArmLink.exe V6.22
Library Manager: ArmAr.exe V6.22
Hex Converter:   FromElf.exe V6.22
CPU DLL:         SARMCM3.DLL V5.40.0.3
Dialog DLL:      DARMCM1.DLL V1.19.6.0
Target DLL:      CMSIS_AGDI.dll V1.33.18.0
Dialog DLL:      TARMCM1.DLL V1.14.6.0
 
<h2>Project:</h2>
D:\Ti\M0_SDK\mspm0_sdk_2_01_00_03\MSPM0G3507_Project1\keil\empty_LP_MSPM0G3507_nortos_keil.uvprojx
Project File Date:  07/31/2025

<h2>Output:</h2>
*** Using Compiler 'V6.22', folder: 'D:\Keil_540\ARM\ARMCLANG\Bin'
Build target 'MSPM0G3507_Project'
Before Build - User command #1: cmd.exe /C "D:\Ti\M0_SDK\mspm0_sdk_2_01_00_03\MSPM0G3507_Project1\keil\../../tools/keil/syscfg.bat 'D:\Ti\M0_SDK\mspm0_sdk_2_01_00_03\MSPM0G3507_Project1\keil\' empty.syscfg"
Using Sysconfig Tool from "D:\Ti\SYSCONFIG\sysconfig_cli.bat"
"Update the file located at <sdk path>/tools/keil/syscfg.bat to use a different version"
Running script...
Validating...
info: /ti/project_config/ProjectConfig deviceSpin: Note: User must select a device after migration. 
info: PWM(/ti/driverlib/PWM): Peripheral does not retain register contents in STOP or STANDBY modes. User should take care to save and restore register configuration in application. See Retention Configuration section for more details.
info: TIMER_TICK(/ti/driverlib/TIMER): Peripheral does not retain register contents in STOP or STANDBY modes. User should take care to save and restore register configuration in application. See Retention Configuration section for more details.
Generating Code (empty.syscfg)...
Unchanged D:\Ti\M0_SDK\mspm0_sdk_2_01_00_03\MSPM0G3507_Project1\ti_msp_dl_config.c...
Unchanged D:\Ti\M0_SDK\mspm0_sdk_2_01_00_03\MSPM0G3507_Project1\ti_msp_dl_config.h...
Unchanged D:\Ti\M0_SDK\mspm0_sdk_2_01_00_03\MSPM0G3507_Project1\Event.dot...
compiling IRtracking.c...
linking...
Program Size: Code=3488 RO-data=272 RW-data=92 ZI-data=852  
FromELF: creating hex file...
".\Objects\empty_LP_MSPM0G3507_nortos_keil.axf" - 0 Error(s), 0 Warning(s).

<h2>Software Packages used:</h2>

Package Vendor: TexasInstruments
                https://software-dl.ti.com/msp430/esd/MSPM0-CMSIS/MSPM0G1X0X_G3X0X/latest/exports/TexasInstruments.MSPM0G1X0X_G3X0X_DFP.1.3.1.pack
                TexasInstruments::MSPM0G1X0X_G3X0X_DFP@1.3.1
                Device Family Pack for Texas Instruments MSPM0G1X0X_G3X0X Series

<h2>Collection of Component include folders:</h2>

<h2>Collection of Component Files used:</h2>
Build Time Elapsed:  00:00:04
</pre>
</body>
</html>
